Drill report for rpi_cm4_cm5_CarrierBoard.kicad_pcb
Created on 2026-02-21T07:36:45-0500

Copper Layer Stackup:
    =============================================================
    L1 :  F.Cu                      front
    L2 :  In1.Cu                    in1
    L3 :  In2.Cu                    in2
    L4 :  In3.Cu                    in3
    L5 :  In4.Cu                    in4
    L6 :  In5.Cu                    in5
    L7 :  In6.Cu                    in6
    L8 :  B.Cu                      back


Drill file 'rpi_cm4_cm5_CarrierBoard-PTH.drl' contains
    plated through holes:
    =============================================================
    T1  0.150mm  0.0059"  (1494 holes)
    T2  0.200mm  0.0079"  (30 holes)
    T3  0.330mm  0.0130"  (34 holes)
    T4  0.500mm  0.0197"  (4 holes)  (with 4 slots)
    T5  0.700mm  0.0276"  (21 holes)  (with 3 slots)
    T6  0.890mm  0.0350"  (12 holes)
    T7  0.900mm  0.0354"  (4 holes)  (with 4 slots)
    T8  1.020mm  0.0402"  (4 holes)
    T9  1.100mm  0.0433"  (28 holes)
    T10  1.570mm  0.0618"  (2 holes)
    T11  2.300mm  0.0906"  (4 holes)
    T12  3.000mm  0.1181"  (8 holes)
    T13  3.800mm  0.1496"  (4 holes)

    Total plated holes count 1649


Drill file 'rpi_cm4_cm5_CarrierBoard-NPTH.drl' contains
    unplated through holes:
    =============================================================
    T1  0.650mm  0.0256"  (2 holes)  (with 1 slot)
    T2  1.100mm  0.0433"  (1 hole)
    T3  1.600mm  0.0630"  (1 hole)
    T4  1.700mm  0.0669"  (4 holes)
    T5  3.300mm  0.1299"  (2 holes)
    T6  5.000mm  0.1969"  (2 holes)  (with 2 slots)

    Total unplated holes count 12
